Archive member included to satisfy reference by file (symbol)

/users/course/2017F/cs412500/tools/riscv32i/lib/gcc/riscv32-unknown-elf/7.1.0/libgcc.a(muldi3.o)
                              firmware/knn_mmap.o (__mulsi3)
/users/course/2017F/cs412500/tools/riscv32i/lib/gcc/riscv32-unknown-elf/7.1.0/libgcc.a(div.o)
                              firmware/puzzle.o (__divsi3)

Discarded input sections

 .debug_line    0x0000000000000000       0xb7 /users/course/2017F/cs412500/tools/riscv32i/lib/gcc/riscv32-unknown-elf/7.1.0/libgcc.a(muldi3.o)
 .debug_info    0x0000000000000000       0xe2 /users/course/2017F/cs412500/tools/riscv32i/lib/gcc/riscv32-unknown-elf/7.1.0/libgcc.a(muldi3.o)
 .debug_abbrev  0x0000000000000000       0x14 /users/course/2017F/cs412500/tools/riscv32i/lib/gcc/riscv32-unknown-elf/7.1.0/libgcc.a(muldi3.o)
 .debug_aranges
                0x0000000000000000       0x20 /users/course/2017F/cs412500/tools/riscv32i/lib/gcc/riscv32-unknown-elf/7.1.0/libgcc.a(muldi3.o)
 .debug_line    0x0000000000000000      0x18d /users/course/2017F/cs412500/tools/riscv32i/lib/gcc/riscv32-unknown-elf/7.1.0/libgcc.a(div.o)
 .debug_info    0x0000000000000000       0xdf /users/course/2017F/cs412500/tools/riscv32i/lib/gcc/riscv32-unknown-elf/7.1.0/libgcc.a(div.o)
 .debug_abbrev  0x0000000000000000       0x14 /users/course/2017F/cs412500/tools/riscv32i/lib/gcc/riscv32-unknown-elf/7.1.0/libgcc.a(div.o)
 .debug_aranges
                0x0000000000000000       0x20 /users/course/2017F/cs412500/tools/riscv32i/lib/gcc/riscv32-unknown-elf/7.1.0/libgcc.a(div.o)

Memory Configuration

Name             Origin             Length             Attributes
mem              0x0000000000000000 0x0000000000bf0000
*default*        0x0000000000000000 0xffffffffffffffff

Linker script and memory map


.memory         0x0000000000000000     0x1e01
                0x0000000000000000                . = 0x0
 start*(.text)
 *(.text)
 .text          0x0000000000000000      0x4ac firmware/start.o
                0x00000000000004a6                hard_puzzle
 .text          0x00000000000004ac      0x3ea firmware/irq.o
                0x00000000000004ac                irq
 .text          0x0000000000000896      0x13c firmware/print.o
                0x0000000000000896                print_chr
                0x00000000000008b4                print_str
                0x00000000000008e8                print_dec
                0x000000000000097a                print_hex
 .text          0x00000000000009d2      0xc94 firmware/puzzle.o
                0x00000000000009d2                puzzle
                0x0000000000000ab4                soft_puzzle
                0x000000000000101a                distance
                0x0000000000001134                rightmove
                0x0000000000001250                leftmove
                0x000000000000136c                upmove
                0x0000000000001488                downmove
                0x00000000000015a4                printboard
 .text          0x0000000000001666      0x2c2 firmware/knn_mmap.o
                0x0000000000001666                knn_mmap
 .text          0x0000000000001928      0x1b8 firmware/stats.o
                0x0000000000001a22                stats
                0x0000000000001ac6                tick
 .text          0x0000000000001ae0       0x24 /users/course/2017F/cs412500/tools/riscv32i/lib/gcc/riscv32-unknown-elf/7.1.0/libgcc.a(muldi3.o)
                0x0000000000001ae0                __mulsi3
 .text          0x0000000000001b04       0xb4 /users/course/2017F/cs412500/tools/riscv32i/lib/gcc/riscv32-unknown-elf/7.1.0/libgcc.a(div.o)
                0x0000000000001b04                __divsi3
                0x0000000000001b0c                __udivsi3
                0x0000000000001b54                __umodsi3
                0x0000000000001b88                __modsi3
 *(*)
 .data          0x0000000000001bb8        0x0 firmware/start.o
 .bss           0x0000000000001bb8        0x0 firmware/start.o
 .rela.text     0x0000000000001bb8        0x0 firmware/start.o
 .data          0x0000000000001bb8        0x0 firmware/irq.o
 .bss           0x0000000000001bb8        0xc firmware/irq.o
 .rodata        0x0000000000001bc4      0x16b firmware/irq.o
 .comment       0x0000000000001d2f       0x11 firmware/irq.o
                                         0x12 (size before relaxing)
 .data          0x0000000000001d40        0x0 firmware/print.o
 .bss           0x0000000000001d40        0x0 firmware/print.o
 .rodata        0x0000000000001d40       0x11 firmware/print.o
 .comment       0x0000000000001d51       0x12 firmware/print.o
 .data          0x0000000000001d51        0x0 firmware/puzzle.o
 .bss           0x0000000000001d51        0x0 firmware/puzzle.o
 *fill*         0x0000000000001d51        0x3 
 .rodata        0x0000000000001d54       0x46 firmware/puzzle.o
 .comment       0x0000000000001d9a       0x12 firmware/puzzle.o
 .data          0x0000000000001d9a        0x0 firmware/knn_mmap.o
 .bss           0x0000000000001d9a        0x0 firmware/knn_mmap.o
 *fill*         0x0000000000001d9a        0x2 
 .rodata        0x0000000000001d9c       0x1e firmware/knn_mmap.o
 .comment       0x0000000000001dba       0x12 firmware/knn_mmap.o
 .data          0x0000000000001dba        0x0 firmware/stats.o
 .bss           0x0000000000001dba        0x0 firmware/stats.o
 *fill*         0x0000000000001dba        0x2 
 .rodata        0x0000000000001dbc       0x45 firmware/stats.o
 .comment       0x0000000000001e01       0x12 firmware/stats.o
 .data          0x0000000000001e01        0x0 /users/course/2017F/cs412500/tools/riscv32i/lib/gcc/riscv32-unknown-elf/7.1.0/libgcc.a(muldi3.o)
 .bss           0x0000000000001e01        0x0 /users/course/2017F/cs412500/tools/riscv32i/lib/gcc/riscv32-unknown-elf/7.1.0/libgcc.a(muldi3.o)
 .data          0x0000000000001e01        0x0 /users/course/2017F/cs412500/tools/riscv32i/lib/gcc/riscv32-unknown-elf/7.1.0/libgcc.a(div.o)
 .bss           0x0000000000001e01        0x0 /users/course/2017F/cs412500/tools/riscv32i/lib/gcc/riscv32-unknown-elf/7.1.0/libgcc.a(div.o)
                0x0000000000001e13                end = .
LOAD firmware/start.o
LOAD firmware/irq.o
LOAD firmware/print.o
LOAD firmware/puzzle.o
LOAD firmware/knn_mmap.o
LOAD firmware/stats.o
LOAD /users/course/2017F/cs412500/tools/riscv32i/lib/gcc/riscv32-unknown-elf/7.1.0/libgcc.a
OUTPUT(firmware/firmware.elf elf32-littleriscv)
